TRACE:equiv_syscall_handler:thread=1 exited with code=1, hash=0x984d6fbf
TRACE:equiv_syscall_handler:EXIT HASH MATCH: tid=1: hash=0x984d6fbf
TRACE:equiv_syscall_handler:done with all threads
TRACE:eqx_run_threads:done running threads
